// Jest Snapshot v1, https://goo.gl/fbAQLP

exports[`App view render snapshot 1`] = `
Object {
  "asFragment": [Function],
  "baseElement": <body>
    <div>
      <div
        class="p-3 container"
      >
        <div
          class="p-5 mb-4 bg-light rounded-3 container"
        >
          <h1
            class="header"
          >
            Tags demo
          </h1>
          <div>
            <div
              class="row"
            >
              <div
                class="col"
              >
                <div
                  class="input-group"
                >
                  <input
                    class="form-control"
                    placeholder="Tag"
                    value=""
                  />
                </div>
              </div>
              <div
                class="col"
              >
                <button
                  class="btn btn-primary"
                  type="button"
                >
                  Add Tag
                </button>
              </div>
            </div>
            <div
              class="row"
            >
              <div
                class="p-3 col-6"
              >
                <div
                  class="list-group"
                />
              </div>
            </div>
          </div>
          <div>
            <div
              class="row"
            >
              <div
                class="col"
              >
                <div
                  class="input-group"
                >
                  <input
                    class="form-control"
                    placeholder="Tag"
                    value=""
                  />
                </div>
              </div>
              <div
                class="col"
              >
                <button
                  class="btn btn-primary"
                  type="button"
                >
                  Add Tag
                </button>
              </div>
            </div>
            <div
              class="row"
            >
              <div
                class="p-3 col-6"
              >
                <div
                  class="list-group"
                />
              </div>
            </div>
          </div>
          <div>
            <div
              class="row"
            >
              <div
                class="col"
              >
                <div
                  class="input-group"
                >
                  <input
                    class="form-control"
                    placeholder="Tag"
                    value=""
                  />
                </div>
              </div>
              <div
                class="col"
              >
                <button
                  class="btn btn-primary"
                  type="button"
                >
                  Add Tag
                </button>
              </div>
            </div>
            <div
              class="row"
            >
              <div
                class="p-3 col-6"
              >
                <div
                  class="list-group"
                />
              </div>
            </div>
          </div>
        </div>
      </div>
    </div>
  </body>,
  "container": <div>
    <div
      class="p-3 container"
    >
      <div
        class="p-5 mb-4 bg-light rounded-3 container"
      >
        <h1
          class="header"
        >
          Tags demo
        </h1>
        <div>
          <div
            class="row"
          >
            <div
              class="col"
            >
              <div
                class="input-group"
              >
                <input
                  class="form-control"
                  placeholder="Tag"
                  value=""
                />
              </div>
            </div>
            <div
              class="col"
            >
              <button
                class="btn btn-primary"
                type="button"
              >
                Add Tag
              </button>
            </div>
          </div>
          <div
            class="row"
          >
            <div
              class="p-3 col-6"
            >
              <div
                class="list-group"
              />
            </div>
          </div>
        </div>
        <div>
          <div
            class="row"
          >
            <div
              class="col"
            >
              <div
                class="input-group"
              >
                <input
                  class="form-control"
                  placeholder="Tag"
                  value=""
                />
              </div>
            </div>
            <div
              class="col"
            >
              <button
                class="btn btn-primary"
                type="button"
              >
                Add Tag
              </button>
            </div>
          </div>
          <div
            class="row"
          >
            <div
              class="p-3 col-6"
            >
              <div
                class="list-group"
              />
            </div>
          </div>
        </div>
        <div>
          <div
            class="row"
          >
            <div
              class="col"
            >
              <div
                class="input-group"
              >
                <input
                  class="form-control"
                  placeholder="Tag"
                  value=""
                />
              </div>
            </div>
            <div
              class="col"
            >
              <button
                class="btn btn-primary"
                type="button"
              >
                Add Tag
              </button>
            </div>
          </div>
          <div
            class="row"
          >
            <div
              class="p-3 col-6"
            >
              <div
                class="list-group"
              />
            </div>
          </div>
        </div>
      </div>
    </div>
  </div>,
  "debug": [Function],
  "findAllByAltText": [Function],
  "findAllByDisplayValue": [Function],
  "findAllByLabelText": [Function],
  "findAllByPlaceholderText": [Function],
  "findAllByRole": [Function],
  "findAllByTestId": [Function],
  "findAllByText": [Function],
  "findAllByTitle": [Function],
  "findByAltText": [Function],
  "findByDisplayValue": [Function],
  "findByLabelText": [Function],
  "findByPlaceholderText": [Function],
  "findByRole": [Function],
  "findByTestId": [Function],
  "findByText": [Function],
  "findByTitle": [Function],
  "getAllByAltText": [Function],
  "getAllByDisplayValue": [Function],
  "getAllByLabelText": [Function],
  "getAllByPlaceholderText": [Function],
  "getAllByRole": [Function],
  "getAllByTestId": [Function],
  "getAllByText": [Function],
  "getAllByTitle": [Function],
  "getByAltText": [Function],
  "getByDisplayValue": [Function],
  "getByLabelText": [Function],
  "getByPlaceholderText": [Function],
  "getByRole": [Function],
  "getByTestId": [Function],
  "getByText": [Function],
  "getByTitle": [Function],
  "queryAllByAltText": [Function],
  "queryAllByDisplayValue": [Function],
  "queryAllByLabelText": [Function],
  "queryAllByPlaceholderText": [Function],
  "queryAllByRole": [Function],
  "queryAllByTestId": [Function],
  "queryAllByText": [Function],
  "queryAllByTitle": [Function],
  "queryByAltText": [Function],
  "queryByDisplayValue": [Function],
  "queryByLabelText": [Function],
  "queryByPlaceholderText": [Function],
  "queryByRole": [Function],
  "queryByTestId": [Function],
  "queryByText": [Function],
  "queryByTitle": [Function],
  "rerender": [Function],
  "unmount": [Function],
}
`;
